0.5
[-0.468+0.884j  0.742-0.67j ]
[0.655 1.766]
[ 0.707+0.j -0.707+0.j] [0.707+0.j 0.707+0.j]
[2.62  7.065]
0.49
[ 0.744-0.668j -0.601+0.799j]
[1.767 0.705]
[0.707+0.j 0.707-0.j] [-0.707-0.j  0.707+0.j]
[7.069 2.821]
0.48
[ 0.746-0.665j -0.718+0.696j]
[1.768 0.755]
[0.707+0.j 0.707-0.j] [-0.707-0.j  0.707+0.j]
[7.073 3.02 ]
0.47
[-0.816+0.578j  0.749-0.663j]
[0.804 1.769]
[ 0.707+0.j -0.707+0.j] [0.707+0.j 0.707+0.j]
[3.215 7.077]
0.46
[-0.891+0.453j  0.751-0.661j]
[0.85 1.77]
[ 0.707+0.j -0.707+0.j] [0.707+0.j 0.707+0.j]
[3.401 7.081]
0.45
[ 0.753-0.658j -0.945+0.326j]
[1.771 0.894]
[0.707+0.j 0.707-0.j] [-0.707-0.j  0.707+0.j]
[7.085 3.578]
0.44
[ 0.755-0.656j -0.98 +0.201j]
[1.772 0.935]
[0.707+0.j 0.707-0.j] [-0.707-0.j  0.707+0.j]
[7.09  3.742]
0.43
[ 0.757-0.653j -0.996+0.084j]
[1.774 0.973]
[0.707+0.j 0.707-0.j] [ 0.707+0.j -0.707+0.j]
[7.094 3.893]
0.42
[-1.  -0.024j  0.76-0.65j ]
[1.008 1.775]
[ 0.707+0.j -0.707+0.j] [0.707+0.j 0.707+0.j]
[4.03  7.099]
0.41000000000000003
[-0.993-0.121j  0.763-0.647j]
[1.039 1.776]
[ 0.707+0.j -0.707+0.j] [0.707+0.j 0.707+0.j]
[4.155 7.104]
0.4
[ 0.766-0.643j -0.978-0.208j]
[1.778 1.067]
[0.707+0.j 0.707-0.j] [-0.707-0.j  0.707+0.j]
[7.11  4.266]
0.39
[-0.959-0.283j  0.769-0.64j ]
[1.091 1.779]
[ 0.707+0.j -0.707+0.j] [0.707+0.j 0.707+0.j]
[4.366 7.116]
0.38
[-0.937-0.349j  0.772-0.635j]
[1.114 1.781]
[ 0.707+0.j -0.707+0.j] [0.707+0.j 0.707+0.j]
[4.454 7.123]
0.37
[-0.914-0.406j  0.776-0.631j]
[1.133 1.783]
[ 0.707+0.j -0.707+0.j] [0.707+0.j 0.707-0.j]
[4.532 7.131]
0.36
[ 0.78 -0.625j -0.891-0.455j]
[1.785 1.15 ]
[0.707+0.j 0.707-0.j] [-0.707-0.j  0.707+0.j]
[7.14  4.601]
0.35
[-0.868-0.497j  0.785-0.62j ]
[1.165 1.787]
[ 0.707+0.j -0.707+0.j] [0.707+0.j 0.707+0.j]
[4.662 7.149]
0.33999999999999997
[-0.847-0.532j  0.79 -0.613j]
[1.179 1.79 ]
[ 0.707+0.j -0.707+0.j] [0.707+0.j 0.707+0.j]
[4.714 7.16 ]
0.32999999999999996
[-0.827-0.562j  0.796-0.605j]
[1.19  1.793]
[ 0.707+0.j -0.707+0.j] [0.707+0.j 0.707+0.j]
[4.761 7.172]
0.32
[ 0.803-0.597j -0.809-0.588j]
[1.797 1.2  ]
[0.707+0.j 0.707-0.j] [-0.707-0.j  0.707+0.j]
[7.186 4.801]
0.31
[-0.792-0.61j   0.81 -0.587j]
[1.209 1.8  ]
[ 0.707+0.j -0.707+0.j] [0.707+0.j 0.707+0.j]
[4.835 7.202]
0.3
[ 0.818-0.575j -0.778-0.628j]
[1.805 1.216]
[0.707+0.j 0.707-0.j] [-0.707-0.j  0.707+0.j]
[7.22  4.865]
0.29000000000000004
[ 0.827-0.562j -0.765-0.644j]
[1.81  1.223]
[0.707+0.j 0.707-0.j] [-0.707-0.j  0.707+0.j]
[7.24  4.891]
0.28
[-0.754-0.657j  0.837-0.547j]
[1.228 1.816]
[ 0.707+0.j -0.707+0.j] [0.707+0.j 0.707+0.j]
[4.913 7.264]
0.27
[-0.744-0.668j  0.849-0.529j]
[1.233 1.823]
[ 0.707+0.j -0.707+0.j] [0.707+0.j 0.707+0.j]
[4.931 7.29 ]
0.26
[ 0.861-0.508j -0.736-0.677j]
[1.83  1.237]
[0.707+0.j 0.707-0.j] [ 0.707+0.j -0.707+0.j]
[7.321 4.947]
0.25
[-0.729-0.685j  0.875-0.484j]
[1.24  1.839]
[ 0.707+0.j -0.707+0.j] [0.707+0.j 0.707+0.j]
[4.96  7.357]
0.24
[-0.723-0.691j  0.89 -0.455j]
[1.243 1.85 ]
[ 0.707+0.j -0.707+0.j] [0.707+0.j 0.707+0.j]
[4.971 7.398]
0.22999999999999998
[-0.718-0.696j  0.907-0.421j]
[1.245 1.862]
[ 0.707+0.j -0.707+0.j] [0.707+0.j 0.707+0.j]
[4.98  7.446]
0.21999999999999997
[ 0.924-0.381j -0.714-0.7j  ]
[1.876 1.247]
[0.707+0.j 0.707-0.j] [-0.707-0.j  0.707+0.j]
[7.502 4.987]
0.21000000000000002
[ 0.943-0.334j -0.711-0.703j]
[1.892 1.248]
[0.707+0.j 0.707-0.j] [ 0.707+0.j -0.707+0.j]
[7.567 4.993]
0.2
[ 0.961-0.277j -0.708-0.706j]
[1.911 1.249]
[0.707+0.j 0.707-0.j] [-0.707-0.j  0.707+0.j]
[7.643 4.998]
0.19
[ 0.978-0.209j -0.706-0.708j]
[1.933 1.25 ]
[0.707+0.j 0.707-0.j] [-0.707-0.j  0.707+0.j]
[7.732 5.001]
0.18
[ 0.992-0.13j  -0.705-0.709j]
[1.959 1.251]
[0.707+0.j 0.707-0.j] [-0.707-0.j  0.707+0.j]
[7.835 5.004]
0.16999999999999998
[ 0.999-0.036j -0.704-0.71j ]
[1.988 1.251]
[0.707+0.j 0.707-0.j] [-0.707-0.j  0.707+0.j]
[7.954 5.006]
0.15999999999999998
[ 0.997+0.072j -0.703-0.711j]
[0.023 1.252]
[0.707+0.j 0.707-0.j] [-0.707-0.j  0.707+0.j]
[0.091 5.007]
0.14999999999999997
[ 0.981+0.193j -0.703-0.711j]
[0.062 1.252]
[0.707+0.j 0.707-0.j] [-0.707-0.j  0.707+0.j]
[0.247 5.008]
0.14
[-0.702-0.712j  0.946+0.325j]
[1.252 0.105]
[ 0.707+0.j -0.707+0.j] [0.707+0.j 0.707-0.j]
[5.008 0.421]
0.13
[ 0.887+0.462j -0.702-0.712j]
[0.153 1.252]
[0.707+0.j 0.707-0.j] [ 0.707+0.j -0.707-0.j]
[0.611 5.009]
0.12
[-0.702-0.712j  0.804+0.595j]
[1.252 0.203]
[ 0.707+0.j -0.707-0.j] [0.707+0.j 0.707+0.j]
[5.009 0.812]
0.10999999999999999
[ 0.698+0.716j -0.702-0.712j]
[0.254 1.252]
[0.707+0.j 0.707+0.j] [-0.707-0.j  0.707+0.j]
[1.016 5.009]
0.09999999999999998
[ 0.579+0.816j -0.702-0.712j]
[0.304 1.252]
[0.707+0.j 0.707-0.j] [-0.707-0.j  0.707+0.j]
[1.214 5.009]
0.08999999999999997
[-0.702-0.712j  0.455+0.891j]
[1.252 0.35 ]
[-0.707-0.j  0.707+0.j] [0.707-0.j 0.707+0.j]
[5.009 1.399]
0.08000000000000002
[-0.702-0.712j  0.337+0.941j]
[1.252 0.391]
[ 0.707+0.j -0.707+0.j] [0.707-0.j 0.707+0.j]
[5.009 1.562]
0.07
[-0.702-0.712j  0.234+0.972j]
[1.252 0.425]
[-0.707+0.j  0.707+0.j] [0.707+0.j 0.707+0.j]
[5.009 1.699]
0.06
[ 0.151+0.989j -0.702-0.712j]
[0.452 1.252]
[0.707+0.j 0.707+0.j] [-0.707+0.j  0.707+0.j]
[1.807 5.01 ]
0.04999999999999999
[-0.701-0.713j  0.088+0.996j]
[1.253 0.472]
[ 0.707+0.j -0.707-0.j] [0.707-0.j 0.707+0.j]
[5.011 1.887]
0.03999999999999998
[ 0.045+0.999j -0.7  -0.714j]
[0.486 1.253]
[0.707+0.j 0.707-0.j] [-0.707+0.j  0.707+0.j]
[1.942 5.013]
0.02999999999999997
[-0.698-0.716j  0.019+1.j   ]
[1.254 0.494]
[ 0.707+0.j -0.707+0.j] [0.707-0.j 0.707+0.j]
[5.016 1.976]
0.020000000000000018
[ 0.007+1.001j -0.693-0.72j ]
[0.498 1.256]
[0.707+0.j 0.707-0.j] [-0.707-0.001j  0.707+0.j   ]
[1.992 5.024]
0.010000000000000009
[ 0.005+0.981j -0.675-0.719j]
[0.498 1.26 ]
[0.717+0.j    0.698+0.001j] [ 0.711+0.j    -0.703-0.007j]
[1.994 5.04 ]
